{"entityType":40,"changes":true}
{"entityType":1,"guid":"438ab755-176a-11e5-80cd-6cf049551cd2","parent":"","title":"Парфюмерия и косметика","slug":"parfumeriya-i-kosmetika"}
{"entityType":1,"guid":"51e4c212-176a-11e5-80cd-6cf049551cd2","parent":"438ab755-176a-11e5-80cd-6cf049551cd2","title":"Парфюмерия","slug":"parfumeriya"}
{"entityType":1,"guid":"58c1e89c-176a-11e5-80cd-6cf049551cd2","parent":"51e4c212-176a-11e5-80cd-6cf049551cd2","title":"Женская парфюмерия","slug":"zhenskaya-parfumeriya"}
{"entityType":10,"guid":"bdb690a4-176a-11e5-80cd-6cf049551cd2","title":"Тип аромата","slug":"tip-aromata","val_type":"select","parent_guid":""}
{"entityType":10,"guid":"d2a89db4-176a-11e5-80cd-6cf049551cd2","title":"Цветочный","slug":"cvetochnyy","val_type":"","parent_guid":"bdb690a4-176a-11e5-80cd-6cf049551cd2"}
{"entityType":20,"title":"Туалетная вода Gucci Flora Eau Fraiche","descr":"Яркая и сверкающая туалетная вода Flora by Gucci Eau Fraiche прекрасно подойдет для молодой, романтичной и кокетливой девушки, которой свойственна некоторая спонтанность. Легкость и игривость композиции основана на гармоничном сочетании нежных цветочных и фруктовых нот, дополненных чувственностью и теплом розового перца, сандала и пачули. В этом аромате смешаны задорное и радостное настроение, веселая атмосфера праздника и романтическая летняя нотка.","guid":"faf9ca10-176a-11e5-80cd-6cf049551cd2","slug":"tualetnaya-voda-gucci-flora-eau-fraiche","catalog_guid":"4b86411f-b999-b421-e635-d655ee9fd946","article":"","img":"","img_prop":""}
{"entityType":30,"type":"prop","guid":"faf9ca10-176a-11e5-80cd-6cf049551cd2","label":"bdb690a4-176a-11e5-80cd-6cf049551cd2","val":"d2a89db4-176a-11e5-80cd-6cf049551cd2","labelSlug":"","countAttr":"","valSlug":"d2a89db4-176a-11e5-80cd-6cf049551cd2","_visible":0}
{"entityType":30,"type":"attr","guid":"faf9ca10-176a-11e5-80cd-6cf049551cd2","label":"ВидНоменклатуры","val":"Туалетная вода","labelSlug":"vidnomenklatury","countAttr":3,"valSlug":"tualetnaya-voda","_visible":0}
{"entityType":30,"type":"attr","guid":"faf9ca10-176a-11e5-80cd-6cf049551cd2","label":"ТипНоменклатуры","val":"Товар","labelSlug":"tipnomenklatury","countAttr":3,"valSlug":"tovar","_visible":0}
{"entityType":30,"type":"attr","guid":"faf9ca10-176a-11e5-80cd-6cf049551cd2","label":"Полное наименование","val":"Туалетная вода Gucci Flora Eau Fraiche","labelSlug":"polnoe-naimenovanie","countAttr":3,"valSlug":"tualetnaya-voda-gucci-flora-eau-fraiche","_visible":0}
{"entityType":20,"title":"Монтаж сети","descr":"","guid":"c5211d29-197f-11e5-80cd-6cf049551cd2","slug":"montazh-seti","catalog_guid":"4b86411f-b999-b421-e635-d655ee9fd946","article":"","img":"","img_prop":""}
{"entityType":30,"type":"attr","guid":"c5211d29-197f-11e5-80cd-6cf049551cd2","label":"ВидНоменклатуры","val":"Услуга","labelSlug":"vidnomenklatury","countAttr":3,"valSlug":"usluga","_visible":0}
{"entityType":30,"type":"attr","guid":"c5211d29-197f-11e5-80cd-6cf049551cd2","label":"ТипНоменклатуры","val":"Услуга","labelSlug":"tipnomenklatury","countAttr":3,"valSlug":"usluga","_visible":0}
{"entityType":30,"type":"attr","guid":"c5211d29-197f-11e5-80cd-6cf049551cd2","label":"Полное наименование","val":"Монтаж сети","labelSlug":"polnoe-naimenovanie","countAttr":3,"valSlug":"montazh-seti","_visible":0}
