{"entityType":40,"changes":true}
{"entityType":50,"guid":"faf9ca10-176a-11e5-80cd-6cf049551cd2#92a3aba8-176a-11e5-80cd-6cf049551cd2","prod_guid":"faf9ca10-176a-11e5-80cd-6cf049551cd2","barcode":"","title":"Туалетная вода Gucci Flora Eau Fraiche (30 мл)","base_unit":"шт","base_unit_key":"796","base_unit_title":"Штука","base_unit_int":"PCE","amount":"10","postType":"product_variation"}
{"entityType":70,"offer_guid":"faf9ca10-176a-11e5-80cd-6cf049551cd2#92a3aba8-176a-11e5-80cd-6cf049551cd2","title":" 3 500 RUB за PCE","price":"3500","currency":"RUB","unit":"PCE","ratio":"1","type_guid":"8cd392e1-45b8-11e5-80d0-6cf049551cd2"}
{"entityType":50,"guid":"faf9ca10-176a-11e5-80cd-6cf049551cd2#72a2167b-434b-11e5-80d0-6cf049551cd2","prod_guid":"faf9ca10-176a-11e5-80cd-6cf049551cd2","barcode":"","title":"Туалетная вода Gucci Flora Eau Fraiche (50 мл)","base_unit":"шт","base_unit_key":"796","base_unit_title":"Штука","base_unit_int":"PCE","amount":"14","postType":"product_variation"}
{"entityType":70,"offer_guid":"faf9ca10-176a-11e5-80cd-6cf049551cd2#72a2167b-434b-11e5-80d0-6cf049551cd2","title":" 4 200 RUB за PCE","price":"4200","currency":"RUB","unit":"PCE","ratio":"1","type_guid":"8cd392e1-45b8-11e5-80d0-6cf049551cd2"}
{"entityType":50,"guid":"faf9ca10-176a-11e5-80cd-6cf049551cd2#ade4adcb-434b-11e5-80d0-6cf049551cd2","prod_guid":"faf9ca10-176a-11e5-80cd-6cf049551cd2","barcode":"","title":"Туалетная вода Gucci Flora Eau Fraiche (70 мл)","base_unit":"шт","base_unit_key":"796","base_unit_title":"Штука","base_unit_int":"PCE","amount":"0","postType":"product_variation"}
{"entityType":70,"offer_guid":"faf9ca10-176a-11e5-80cd-6cf049551cd2#ade4adcb-434b-11e5-80d0-6cf049551cd2","title":" 5 600 RUB за PCE","price":"5600","currency":"RUB","unit":"PCE","ratio":"1","type_guid":"8cd392e1-45b8-11e5-80d0-6cf049551cd2"}
{"entityType":50,"guid":"c5211d29-197f-11e5-80cd-6cf049551cd2","prod_guid":"c5211d29-197f-11e5-80cd-6cf049551cd2","barcode":"","title":"Монтаж сети","base_unit":"шт","base_unit_key":"796","base_unit_title":"Штука","base_unit_int":"PCE","amount":"0","postType":"product_variation"}
{"entityType":70,"offer_guid":"c5211d29-197f-11e5-80cd-6cf049551cd2","title":" 0 RUB за PCE","price":"0","currency":"RUB","unit":"PCE","ratio":"1","type_guid":"8cd392e1-45b8-11e5-80d0-6cf049551cd2"}
