{"entityType":40,"changes":true}
{"entityType":1,"guid":"6098d32e-6069-11dd-9499-001e8c60f11c","parent":"","title":"Оптические приводы","slug":"opticheskie-privody"}
{"entityType":1,"guid":"b53195b4-1da8-11e2-bdc7-001e8c60f11c","parent":"6098d32e-6069-11dd-9499-001e8c60f11c","title":"DVD-RW","slug":"dvd-rw"}
{"entityType":10,"guid":"3ad1538b-e56c-11e2-8146-00259079b158","title":"Вес","slug":"ves","val_type":"text","parent_guid":""}
{"entityType":10,"guid":"7ce6dede-9cb2-11e0-8b2d-001e8c60f11c","title":"Вес","slug":"ves","val_type":"text","parent_guid":""}
{"entityType":10,"guid":"7ce6deea-9cb2-11e0-8b2d-001e8c60f11c","title":"Время доступа в режиме чтения CD","slug":"vremya-dostupa-v-rezhime-chteniya-cd","val_type":"text","parent_guid":""}
{"entityType":10,"guid":"7ce6deeb-9cb2-11e0-8b2d-001e8c60f11c","title":"Время доступа в режиме чтения DVD","slug":"vremya-dostupa-v-rezhime-chteniya-dvd","val_type":"text","parent_guid":""}
{"entityType":10,"guid":"7ce6ded6-9cb2-11e0-8b2d-001e8c60f11c","title":"Интерфейс подключения","slug":"interfeys-podklucheniya","val_type":"text","parent_guid":""}
{"entityType":10,"guid":"7ce6dedf-9cb2-11e0-8b2d-001e8c60f11c","title":"Максимальная скорость записи CD-R","slug":"maksimalnaya-skorost-zapisi-cd-r","val_type":"text","parent_guid":""}
{"entityType":10,"guid":"7ce6dee0-9cb2-11e0-8b2d-001e8c60f11c","title":"Максимальная скорость записи CD-RW","slug":"maksimalnaya-skorost-zapisi-cd-rw","val_type":"text","parent_guid":""}
{"entityType":10,"guid":"7ce6dee1-9cb2-11e0-8b2d-001e8c60f11c","title":"Максимальная скорость записи DVD-R","slug":"maksimalnaya-skorost-zapisi-dvd-r","val_type":"text","parent_guid":""}
{"entityType":10,"guid":"7ce6dee2-9cb2-11e0-8b2d-001e8c60f11c","title":"Максимальная скорость записи DVD-R DL","slug":"maksimalnaya-skorost-zapisi-dvd-r-dl","val_type":"text","parent_guid":""}
{"entityType":10,"guid":"7ce6dee7-9cb2-11e0-8b2d-001e8c60f11c","title":"Максимальная скорость записи DVD-RAM","slug":"maksimalnaya-skorost-zapisi-dvd-ram","val_type":"text","parent_guid":""}
{"entityType":10,"guid":"7ce6dee3-9cb2-11e0-8b2d-001e8c60f11c","title":"Максимальная скорость записи DVD-RW","slug":"maksimalnaya-skorost-zapisi-dvd-rw","val_type":"text","parent_guid":""}
{"entityType":10,"guid":"7ce6dee4-9cb2-11e0-8b2d-001e8c60f11c","title":"Максимальная скорость записи DVD+R","slug":"maksimalnaya-skorost-zapisi-dvd-r","val_type":"text","parent_guid":""}
{"entityType":10,"guid":"7ce6dee5-9cb2-11e0-8b2d-001e8c60f11c","title":"Максимальная скорость записи DVD+R DL","slug":"maksimalnaya-skorost-zapisi-dvd-r-dl","val_type":"text","parent_guid":""}
{"entityType":10,"guid":"7ce6dee6-9cb2-11e0-8b2d-001e8c60f11c","title":"Максимальная скорость записи DVD+RW","slug":"maksimalnaya-skorost-zapisi-dvd-rw","val_type":"text","parent_guid":""}
{"entityType":10,"guid":"7ce6dee8-9cb2-11e0-8b2d-001e8c60f11c","title":"Максимальная скорость чтения CD","slug":"maksimalnaya-skorost-chteniya-cd","val_type":"text","parent_guid":""}
{"entityType":10,"guid":"7ce6dee9-9cb2-11e0-8b2d-001e8c60f11c","title":"Максимальная скорость чтения DVD","slug":"maksimalnaya-skorost-chteniya-dvd","val_type":"text","parent_guid":""}
{"entityType":10,"guid":"7ce6dedb-9cb2-11e0-8b2d-001e8c60f11c","title":"Механизм загрузки дисков","slug":"mehanizm-zagruzki-diskov","val_type":"text","parent_guid":""}
{"entityType":10,"guid":"7ce6deda-9cb2-11e0-8b2d-001e8c60f11c","title":"Объем буфера","slug":"obem-bufera","val_type":"text","parent_guid":""}
{"entityType":10,"guid":"7ce6dedc-9cb2-11e0-8b2d-001e8c60f11c","title":"Поддержка DVD-RAM","slug":"podderzhka-dvd-ram","val_type":"text","parent_guid":""}
{"entityType":10,"guid":"7ce6ded8-9cb2-11e0-8b2d-001e8c60f11c","title":"Предназначение","slug":"prednaznachenie","val_type":"text","parent_guid":""}
{"entityType":10,"guid":"0df5fcc6-e86c-11e2-8146-00259079b158","title":"Размер сумки(ШхВхТ)","slug":"razmer-sumkishhvht","val_type":"text","parent_guid":""}
{"entityType":10,"guid":"7ce6dedd-9cb2-11e0-8b2d-001e8c60f11c","title":"Размеры (ШхВхГ)","slug":"razmery-shhvhg","val_type":"text","parent_guid":""}
{"entityType":10,"guid":"7ce6deec-9cb2-11e0-8b2d-001e8c60f11c","title":"Среднее время наработки на отказ (MTBF)","slug":"srednee-vremya-narabotki-na-otkaz-mtbf","val_type":"text","parent_guid":""}
{"entityType":10,"guid":"7ce6ded5-9cb2-11e0-8b2d-001e8c60f11c","title":"Тип привода","slug":"tip-privoda","val_type":"text","parent_guid":""}
{"entityType":10,"guid":"7ce6ded7-9cb2-11e0-8b2d-001e8c60f11c","title":"Тип размещения","slug":"tip-razmeshcheniya","val_type":"text","parent_guid":""}
{"entityType":10,"guid":"7ce6ded9-9cb2-11e0-8b2d-001e8c60f11c","title":"Цвет передней панели","slug":"cvet-peredney-paneli","val_type":"text","parent_guid":""}
{"entityType":20,"title":"Привод Blue-Ray DVD-RW Liteon iHBS112-115","descr":"","guid":"348fceb0-219f-11e2-8401-001e8c60f11c#18b18a6d-66c6-11e2-8671-00259079b159","slug":"privod-blue-ray-dvd-rw-liteon-ihbs112-115","catalog_guid":"d35a8ba6-d6ff-11dc-bb41-001a4b58ee99","article":"","img":"","img_prop":""}
{"entityType":30,"type":"group","guid":"348fceb0-219f-11e2-8401-001e8c60f11c#18b18a6d-66c6-11e2-8671-00259079b159","label":"b53195b4-1da8-11e2-bdc7-001e8c60f11c","val":"","labelSlug":"","countAttr":"","valSlug":"","_visible":0}
{"entityType":30,"type":"prop","guid":"348fceb0-219f-11e2-8401-001e8c60f11c#18b18a6d-66c6-11e2-8671-00259079b159","label":"3ad1538b-e56c-11e2-8146-00259079b158","val":"650 г","labelSlug":"","countAttr":"","valSlug":"650-g","_visible":0}
{"entityType":30,"type":"prop","guid":"348fceb0-219f-11e2-8401-001e8c60f11c#18b18a6d-66c6-11e2-8671-00259079b159","label":"7ce6dede-9cb2-11e0-8b2d-001e8c60f11c","val":"650 г","labelSlug":"","countAttr":"","valSlug":"650-g","_visible":0}
{"entityType":30,"type":"prop","guid":"348fceb0-219f-11e2-8401-001e8c60f11c#18b18a6d-66c6-11e2-8671-00259079b159","label":"7ce6deea-9cb2-11e0-8b2d-001e8c60f11c","val":"150 мс","labelSlug":"","countAttr":"","valSlug":"150-ms","_visible":0}
{"entityType":30,"type":"prop","guid":"348fceb0-219f-11e2-8401-001e8c60f11c#18b18a6d-66c6-11e2-8671-00259079b159","label":"7ce6deeb-9cb2-11e0-8b2d-001e8c60f11c","val":"150 мс","labelSlug":"","countAttr":"","valSlug":"150-ms","_visible":0}
{"entityType":30,"type":"prop","guid":"348fceb0-219f-11e2-8401-001e8c60f11c#18b18a6d-66c6-11e2-8671-00259079b159","label":"7ce6ded6-9cb2-11e0-8b2d-001e8c60f11c","val":"SATA","labelSlug":"","countAttr":"","valSlug":"sata","_visible":0}
{"entityType":30,"type":"prop","guid":"348fceb0-219f-11e2-8401-001e8c60f11c#18b18a6d-66c6-11e2-8671-00259079b159","label":"7ce6dedf-9cb2-11e0-8b2d-001e8c60f11c","val":"48x","labelSlug":"","countAttr":"","valSlug":"48x","_visible":0}
{"entityType":30,"type":"prop","guid":"348fceb0-219f-11e2-8401-001e8c60f11c#18b18a6d-66c6-11e2-8671-00259079b159","label":"7ce6dee0-9cb2-11e0-8b2d-001e8c60f11c","val":"48x","labelSlug":"","countAttr":"","valSlug":"48x","_visible":0}
{"entityType":30,"type":"prop","guid":"348fceb0-219f-11e2-8401-001e8c60f11c#18b18a6d-66c6-11e2-8671-00259079b159","label":"7ce6dee1-9cb2-11e0-8b2d-001e8c60f11c","val":"16x","labelSlug":"","countAttr":"","valSlug":"16x","_visible":0}
{"entityType":30,"type":"prop","guid":"348fceb0-219f-11e2-8401-001e8c60f11c#18b18a6d-66c6-11e2-8671-00259079b159","label":"7ce6dee2-9cb2-11e0-8b2d-001e8c60f11c","val":"8x","labelSlug":"","countAttr":"","valSlug":"8x","_visible":0}
{"entityType":30,"type":"prop","guid":"348fceb0-219f-11e2-8401-001e8c60f11c#18b18a6d-66c6-11e2-8671-00259079b159","label":"7ce6dee7-9cb2-11e0-8b2d-001e8c60f11c","val":"12x","labelSlug":"","countAttr":"","valSlug":"12x","_visible":0}
{"entityType":30,"type":"prop","guid":"348fceb0-219f-11e2-8401-001e8c60f11c#18b18a6d-66c6-11e2-8671-00259079b159","label":"7ce6dee3-9cb2-11e0-8b2d-001e8c60f11c","val":"6x","labelSlug":"","countAttr":"","valSlug":"6x","_visible":0}
{"entityType":30,"type":"prop","guid":"348fceb0-219f-11e2-8401-001e8c60f11c#18b18a6d-66c6-11e2-8671-00259079b159","label":"7ce6dee4-9cb2-11e0-8b2d-001e8c60f11c","val":"16x","labelSlug":"","countAttr":"","valSlug":"16x","_visible":0}
{"entityType":30,"type":"prop","guid":"348fceb0-219f-11e2-8401-001e8c60f11c#18b18a6d-66c6-11e2-8671-00259079b159","label":"7ce6dee5-9cb2-11e0-8b2d-001e8c60f11c","val":"8x","labelSlug":"","countAttr":"","valSlug":"8x","_visible":0}
{"entityType":30,"type":"prop","guid":"348fceb0-219f-11e2-8401-001e8c60f11c#18b18a6d-66c6-11e2-8671-00259079b159","label":"7ce6dee6-9cb2-11e0-8b2d-001e8c60f11c","val":"8x","labelSlug":"","countAttr":"","valSlug":"8x","_visible":0}
{"entityType":30,"type":"prop","guid":"348fceb0-219f-11e2-8401-001e8c60f11c#18b18a6d-66c6-11e2-8671-00259079b159","label":"7ce6dee8-9cb2-11e0-8b2d-001e8c60f11c","val":"48x","labelSlug":"","countAttr":"","valSlug":"48x","_visible":0}
{"entityType":30,"type":"prop","guid":"348fceb0-219f-11e2-8401-001e8c60f11c#18b18a6d-66c6-11e2-8671-00259079b159","label":"7ce6dee9-9cb2-11e0-8b2d-001e8c60f11c","val":"16x","labelSlug":"","countAttr":"","valSlug":"16x","_visible":0}
{"entityType":30,"type":"prop","guid":"348fceb0-219f-11e2-8401-001e8c60f11c#18b18a6d-66c6-11e2-8671-00259079b159","label":"7ce6dedb-9cb2-11e0-8b2d-001e8c60f11c","val":"автоматический лоток","labelSlug":"","countAttr":"","valSlug":"avtomaticheskiy-lotok","_visible":0}
{"entityType":30,"type":"prop","guid":"348fceb0-219f-11e2-8401-001e8c60f11c#18b18a6d-66c6-11e2-8671-00259079b159","label":"7ce6deda-9cb2-11e0-8b2d-001e8c60f11c","val":"8 Мб","labelSlug":"","countAttr":"","valSlug":"8-mb","_visible":0}
{"entityType":30,"type":"prop","guid":"348fceb0-219f-11e2-8401-001e8c60f11c#18b18a6d-66c6-11e2-8671-00259079b159","label":"7ce6dedc-9cb2-11e0-8b2d-001e8c60f11c","val":"есть","labelSlug":"","countAttr":"","valSlug":"est","_visible":0}
{"entityType":30,"type":"prop","guid":"348fceb0-219f-11e2-8401-001e8c60f11c#18b18a6d-66c6-11e2-8671-00259079b159","label":"7ce6ded8-9cb2-11e0-8b2d-001e8c60f11c","val":"для настольного компьютера","labelSlug":"","countAttr":"","valSlug":"dlya-nastolnogo-komputera","_visible":0}
{"entityType":30,"type":"prop","guid":"348fceb0-219f-11e2-8401-001e8c60f11c#18b18a6d-66c6-11e2-8671-00259079b159","label":"0df5fcc6-e86c-11e2-8146-00259079b158","val":"146x41x170 мм","labelSlug":"","countAttr":"","valSlug":"146x41x170-mm","_visible":0}
{"entityType":30,"type":"prop","guid":"348fceb0-219f-11e2-8401-001e8c60f11c#18b18a6d-66c6-11e2-8671-00259079b159","label":"7ce6dedd-9cb2-11e0-8b2d-001e8c60f11c","val":"146x41x170 мм","labelSlug":"","countAttr":"","valSlug":"146x41x170-mm","_visible":0}
{"entityType":30,"type":"prop","guid":"348fceb0-219f-11e2-8401-001e8c60f11c#18b18a6d-66c6-11e2-8671-00259079b159","label":"7ce6deec-9cb2-11e0-8b2d-001e8c60f11c","val":"60000 ч","labelSlug":"","countAttr":"","valSlug":"60000-ch","_visible":0}
{"entityType":30,"type":"prop","guid":"348fceb0-219f-11e2-8401-001e8c60f11c#18b18a6d-66c6-11e2-8671-00259079b159","label":"7ce6ded5-9cb2-11e0-8b2d-001e8c60f11c","val":"BD-RE","labelSlug":"","countAttr":"","valSlug":"bd-re","_visible":0}
{"entityType":30,"type":"prop","guid":"348fceb0-219f-11e2-8401-001e8c60f11c#18b18a6d-66c6-11e2-8671-00259079b159","label":"7ce6ded7-9cb2-11e0-8b2d-001e8c60f11c","val":"внутренний","labelSlug":"","countAttr":"","valSlug":"vnutrenniy","_visible":0}
{"entityType":30,"type":"prop","guid":"348fceb0-219f-11e2-8401-001e8c60f11c#18b18a6d-66c6-11e2-8671-00259079b159","label":"7ce6ded9-9cb2-11e0-8b2d-001e8c60f11c","val":"черный","labelSlug":"","countAttr":"","valSlug":"chernyy","_visible":0}
{"entityType":30,"type":"attr","guid":"348fceb0-219f-11e2-8401-001e8c60f11c#18b18a6d-66c6-11e2-8671-00259079b159","label":"ВидНоменклатуры","val":"Товар","labelSlug":"vidnomenklatury","countAttr":4,"valSlug":"tovar","_visible":0}
{"entityType":30,"type":"attr","guid":"348fceb0-219f-11e2-8401-001e8c60f11c#18b18a6d-66c6-11e2-8671-00259079b159","label":"ТипНоменклатуры","val":"Товар","labelSlug":"tipnomenklatury","countAttr":4,"valSlug":"tovar","_visible":0}
{"entityType":30,"type":"attr","guid":"348fceb0-219f-11e2-8401-001e8c60f11c#18b18a6d-66c6-11e2-8671-00259079b159","label":"Полное наименование","val":"Привод Blue-Ray DVD-RW Liteon iHBS112-115","labelSlug":"polnoe-naimenovanie","countAttr":4,"valSlug":"privod-blue-ray-dvd-rw-liteon-ihbs112-115","_visible":0}
{"entityType":20,"title":"Привод DVD+\/-RW LiteON IHAS124-14, 22x SuperMulti, SATA, Черный","descr":"","guid":"1a4ec9af-1192-11e4-8372-00259079b159#1a4ec9b2-1192-11e4-8372-00259079b159","slug":"privod-dvd-rw-liteon-ihas124-14-22x-supermulti-sata-chernyy","catalog_guid":"d35a8ba6-d6ff-11dc-bb41-001a4b58ee99","article":"","img":"","img_prop":""}
{"entityType":30,"type":"group","guid":"1a4ec9af-1192-11e4-8372-00259079b159#1a4ec9b2-1192-11e4-8372-00259079b159","label":"b53195b4-1da8-11e2-bdc7-001e8c60f11c","val":"","labelSlug":"","countAttr":"","valSlug":"","_visible":0}
{"entityType":30,"type":"attr","guid":"1a4ec9af-1192-11e4-8372-00259079b159#1a4ec9b2-1192-11e4-8372-00259079b159","label":"ВидНоменклатуры","val":"Товар","labelSlug":"vidnomenklatury","countAttr":4,"valSlug":"tovar","_visible":0}
{"entityType":30,"type":"attr","guid":"1a4ec9af-1192-11e4-8372-00259079b159#1a4ec9b2-1192-11e4-8372-00259079b159","label":"ТипНоменклатуры","val":"Товар","labelSlug":"tipnomenklatury","countAttr":4,"valSlug":"tovar","_visible":0}
{"entityType":30,"type":"attr","guid":"1a4ec9af-1192-11e4-8372-00259079b159#1a4ec9b2-1192-11e4-8372-00259079b159","label":"Полное наименование","val":"Привод DVD+\/-RW LiteON IHAS124-14, 22x SuperMulti, SATA, Черный","labelSlug":"polnoe-naimenovanie","countAttr":4,"valSlug":"privod-dvd-rw-liteon-ihas124-14-22x-supermulti-sata-chernyy","_visible":0}
{"entityType":20,"title":"Привод DVD+\/-RW LiteON IHAS124-14, 22x SuperMulti, SATA, Черный","descr":"","guid":"1a4ec9af-1192-11e4-8372-00259079b159#8174ffbb-17c0-11e4-8372-00259079b159","slug":"privod-dvd-rw-liteon-ihas124-14-22x-supermulti-sata-chernyy","catalog_guid":"d35a8ba6-d6ff-11dc-bb41-001a4b58ee99","article":"","img":"","img_prop":""}
{"entityType":30,"type":"group","guid":"1a4ec9af-1192-11e4-8372-00259079b159#8174ffbb-17c0-11e4-8372-00259079b159","label":"b53195b4-1da8-11e2-bdc7-001e8c60f11c","val":"","labelSlug":"","countAttr":"","valSlug":"","_visible":0}
{"entityType":30,"type":"attr","guid":"1a4ec9af-1192-11e4-8372-00259079b159#8174ffbb-17c0-11e4-8372-00259079b159","label":"ВидНоменклатуры","val":"Товар","labelSlug":"vidnomenklatury","countAttr":4,"valSlug":"tovar","_visible":0}
{"entityType":30,"type":"attr","guid":"1a4ec9af-1192-11e4-8372-00259079b159#8174ffbb-17c0-11e4-8372-00259079b159","label":"ТипНоменклатуры","val":"Товар","labelSlug":"tipnomenklatury","countAttr":4,"valSlug":"tovar","_visible":0}
{"entityType":30,"type":"attr","guid":"1a4ec9af-1192-11e4-8372-00259079b159#8174ffbb-17c0-11e4-8372-00259079b159","label":"Полное наименование","val":"Привод DVD+\/-RW LiteON IHAS124-14, 22x SuperMulti, SATA, Черный","labelSlug":"polnoe-naimenovanie","countAttr":4,"valSlug":"privod-dvd-rw-liteon-ihas124-14-22x-supermulti-sata-chernyy","_visible":0}
{"entityType":20,"title":"Привод DVD+\/-RW Samsung SH-224DB, 24x SuperMulti, SATA, Черный","descr":"","guid":"b883f4ef-d3f8-11e2-b716-00259079b159#6740885c-0b58-11e4-99b3-00259079b159","slug":"privod-dvd-rw-samsung-sh-224db-24x-supermulti-sata-chernyy","catalog_guid":"d35a8ba6-d6ff-11dc-bb41-001a4b58ee99","article":"","img":"","img_prop":""}
{"entityType":30,"type":"group","guid":"b883f4ef-d3f8-11e2-b716-00259079b159#6740885c-0b58-11e4-99b3-00259079b159","label":"b53195b4-1da8-11e2-bdc7-001e8c60f11c","val":"","labelSlug":"","countAttr":"","valSlug":"","_visible":0}
{"entityType":30,"type":"prop","guid":"b883f4ef-d3f8-11e2-b716-00259079b159#6740885c-0b58-11e4-99b3-00259079b159","label":"3ad1538b-e56c-11e2-8146-00259079b158","val":"630 г","labelSlug":"","countAttr":"","valSlug":"630-g","_visible":0}
{"entityType":30,"type":"prop","guid":"b883f4ef-d3f8-11e2-b716-00259079b159#6740885c-0b58-11e4-99b3-00259079b159","label":"7ce6dede-9cb2-11e0-8b2d-001e8c60f11c","val":"630 г","labelSlug":"","countAttr":"","valSlug":"630-g","_visible":0}
{"entityType":30,"type":"prop","guid":"b883f4ef-d3f8-11e2-b716-00259079b159#6740885c-0b58-11e4-99b3-00259079b159","label":"7ce6deea-9cb2-11e0-8b2d-001e8c60f11c","val":"130 мс","labelSlug":"","countAttr":"","valSlug":"130-ms","_visible":0}
{"entityType":30,"type":"prop","guid":"b883f4ef-d3f8-11e2-b716-00259079b159#6740885c-0b58-11e4-99b3-00259079b159","label":"7ce6deeb-9cb2-11e0-8b2d-001e8c60f11c","val":"150 мс","labelSlug":"","countAttr":"","valSlug":"150-ms","_visible":0}
{"entityType":30,"type":"prop","guid":"b883f4ef-d3f8-11e2-b716-00259079b159#6740885c-0b58-11e4-99b3-00259079b159","label":"7ce6ded6-9cb2-11e0-8b2d-001e8c60f11c","val":"SATA","labelSlug":"","countAttr":"","valSlug":"sata","_visible":0}
{"entityType":30,"type":"prop","guid":"b883f4ef-d3f8-11e2-b716-00259079b159#6740885c-0b58-11e4-99b3-00259079b159","label":"7ce6dedf-9cb2-11e0-8b2d-001e8c60f11c","val":"48x","labelSlug":"","countAttr":"","valSlug":"48x","_visible":0}
{"entityType":30,"type":"prop","guid":"b883f4ef-d3f8-11e2-b716-00259079b159#6740885c-0b58-11e4-99b3-00259079b159","label":"7ce6dee0-9cb2-11e0-8b2d-001e8c60f11c","val":"24x","labelSlug":"","countAttr":"","valSlug":"24x","_visible":0}
{"entityType":30,"type":"prop","guid":"b883f4ef-d3f8-11e2-b716-00259079b159#6740885c-0b58-11e4-99b3-00259079b159","label":"7ce6dee1-9cb2-11e0-8b2d-001e8c60f11c","val":"24x","labelSlug":"","countAttr":"","valSlug":"24x","_visible":0}
{"entityType":30,"type":"prop","guid":"b883f4ef-d3f8-11e2-b716-00259079b159#6740885c-0b58-11e4-99b3-00259079b159","label":"7ce6dee2-9cb2-11e0-8b2d-001e8c60f11c","val":"8x","labelSlug":"","countAttr":"","valSlug":"8x","_visible":0}
{"entityType":30,"type":"prop","guid":"b883f4ef-d3f8-11e2-b716-00259079b159#6740885c-0b58-11e4-99b3-00259079b159","label":"7ce6dee7-9cb2-11e0-8b2d-001e8c60f11c","val":"12x","labelSlug":"","countAttr":"","valSlug":"12x","_visible":0}
{"entityType":30,"type":"prop","guid":"b883f4ef-d3f8-11e2-b716-00259079b159#6740885c-0b58-11e4-99b3-00259079b159","label":"7ce6dee3-9cb2-11e0-8b2d-001e8c60f11c","val":"6x","labelSlug":"","countAttr":"","valSlug":"6x","_visible":0}
{"entityType":30,"type":"prop","guid":"b883f4ef-d3f8-11e2-b716-00259079b159#6740885c-0b58-11e4-99b3-00259079b159","label":"7ce6dee4-9cb2-11e0-8b2d-001e8c60f11c","val":"24x","labelSlug":"","countAttr":"","valSlug":"24x","_visible":0}
{"entityType":30,"type":"prop","guid":"b883f4ef-d3f8-11e2-b716-00259079b159#6740885c-0b58-11e4-99b3-00259079b159","label":"7ce6dee5-9cb2-11e0-8b2d-001e8c60f11c","val":"8x","labelSlug":"","countAttr":"","valSlug":"8x","_visible":0}
{"entityType":30,"type":"prop","guid":"b883f4ef-d3f8-11e2-b716-00259079b159#6740885c-0b58-11e4-99b3-00259079b159","label":"7ce6dee6-9cb2-11e0-8b2d-001e8c60f11c","val":"8x","labelSlug":"","countAttr":"","valSlug":"8x","_visible":0}
{"entityType":30,"type":"prop","guid":"b883f4ef-d3f8-11e2-b716-00259079b159#6740885c-0b58-11e4-99b3-00259079b159","label":"7ce6dee8-9cb2-11e0-8b2d-001e8c60f11c","val":"48x","labelSlug":"","countAttr":"","valSlug":"48x","_visible":0}
{"entityType":30,"type":"prop","guid":"b883f4ef-d3f8-11e2-b716-00259079b159#6740885c-0b58-11e4-99b3-00259079b159","label":"7ce6dee9-9cb2-11e0-8b2d-001e8c60f11c","val":"16x","labelSlug":"","countAttr":"","valSlug":"16x","_visible":0}
{"entityType":30,"type":"prop","guid":"b883f4ef-d3f8-11e2-b716-00259079b159#6740885c-0b58-11e4-99b3-00259079b159","label":"7ce6dedb-9cb2-11e0-8b2d-001e8c60f11c","val":"автоматический лоток","labelSlug":"","countAttr":"","valSlug":"avtomaticheskiy-lotok","_visible":0}
{"entityType":30,"type":"prop","guid":"b883f4ef-d3f8-11e2-b716-00259079b159#6740885c-0b58-11e4-99b3-00259079b159","label":"7ce6deda-9cb2-11e0-8b2d-001e8c60f11c","val":"1.5 Мб","labelSlug":"","countAttr":"","valSlug":"15-mb","_visible":0}
{"entityType":30,"type":"prop","guid":"b883f4ef-d3f8-11e2-b716-00259079b159#6740885c-0b58-11e4-99b3-00259079b159","label":"7ce6dedc-9cb2-11e0-8b2d-001e8c60f11c","val":"есть","labelSlug":"","countAttr":"","valSlug":"est","_visible":0}
{"entityType":30,"type":"prop","guid":"b883f4ef-d3f8-11e2-b716-00259079b159#6740885c-0b58-11e4-99b3-00259079b159","label":"7ce6ded8-9cb2-11e0-8b2d-001e8c60f11c","val":"для настольного компьютера","labelSlug":"","countAttr":"","valSlug":"dlya-nastolnogo-komputera","_visible":0}
{"entityType":30,"type":"prop","guid":"b883f4ef-d3f8-11e2-b716-00259079b159#6740885c-0b58-11e4-99b3-00259079b159","label":"7ce6dedd-9cb2-11e0-8b2d-001e8c60f11c","val":"148x42x170 мм","labelSlug":"","countAttr":"","valSlug":"148x42x170-mm","_visible":0}
{"entityType":30,"type":"prop","guid":"b883f4ef-d3f8-11e2-b716-00259079b159#6740885c-0b58-11e4-99b3-00259079b159","label":"7ce6ded5-9cb2-11e0-8b2d-001e8c60f11c","val":"DVD RW DL","labelSlug":"","countAttr":"","valSlug":"dvd-rw-dl","_visible":0}
{"entityType":30,"type":"prop","guid":"b883f4ef-d3f8-11e2-b716-00259079b159#6740885c-0b58-11e4-99b3-00259079b159","label":"7ce6ded7-9cb2-11e0-8b2d-001e8c60f11c","val":"внутренний","labelSlug":"","countAttr":"","valSlug":"vnutrenniy","_visible":0}
{"entityType":30,"type":"prop","guid":"b883f4ef-d3f8-11e2-b716-00259079b159#6740885c-0b58-11e4-99b3-00259079b159","label":"7ce6ded9-9cb2-11e0-8b2d-001e8c60f11c","val":"черный","labelSlug":"","countAttr":"","valSlug":"chernyy","_visible":0}
{"entityType":30,"type":"attr","guid":"b883f4ef-d3f8-11e2-b716-00259079b159#6740885c-0b58-11e4-99b3-00259079b159","label":"ВидНоменклатуры","val":"Товар","labelSlug":"vidnomenklatury","countAttr":4,"valSlug":"tovar","_visible":0}
{"entityType":30,"type":"attr","guid":"b883f4ef-d3f8-11e2-b716-00259079b159#6740885c-0b58-11e4-99b3-00259079b159","label":"ТипНоменклатуры","val":"Товар","labelSlug":"tipnomenklatury","countAttr":4,"valSlug":"tovar","_visible":0}
{"entityType":30,"type":"attr","guid":"b883f4ef-d3f8-11e2-b716-00259079b159#6740885c-0b58-11e4-99b3-00259079b159","label":"Полное наименование","val":"Привод DVD+\/-RW Samsung SH-224DB, 24x SuperMulti, SATA, Черный","labelSlug":"polnoe-naimenovanie","countAttr":4,"valSlug":"privod-dvd-rw-samsung-sh-224db-24x-supermulti-sata-chernyy","_visible":0}
