{"entityType":40,"changes":true}
{"entityType":50,"guid":"348fceb0-219f-11e2-8401-001e8c60f11c#18b18a6d-66c6-11e2-8671-00259079b159","prod_guid":"348fceb0-219f-11e2-8401-001e8c60f11c","barcode":"","title":"Привод Blue-Ray DVD-RW Liteon iHBS112-115","base_unit":"шт","base_unit_key":"796","base_unit_title":"Штука","base_unit_int":"PCE","amount":"1","postType":"product_variation"}
{"entityType":70,"offer_guid":"348fceb0-219f-11e2-8401-001e8c60f11c#18b18a6d-66c6-11e2-8671-00259079b159","title":"628 200 BYR за шт","price":"628200","currency":"BYR","unit":"шт","ratio":"1","type_guid":"2e6a724e-0cc1-11de-8f0f-001e8c60f11c"}
{"entityType":50,"guid":"1a4ec9af-1192-11e4-8372-00259079b159#1a4ec9b2-1192-11e4-8372-00259079b159","prod_guid":"1a4ec9af-1192-11e4-8372-00259079b159","barcode":"","title":"Привод DVD+\/-RW LiteON IHAS124-14, 22x SuperMulti, SATA, Черный","base_unit":"шт","base_unit_key":"796","base_unit_title":"Штука","base_unit_int":"PCE","amount":"2","postType":"product_variation"}
{"entityType":70,"offer_guid":"1a4ec9af-1192-11e4-8372-00259079b159#1a4ec9b2-1192-11e4-8372-00259079b159","title":"147 000 BYR за шт","price":"147000","currency":"BYR","unit":"шт","ratio":"1","type_guid":"2e6a724e-0cc1-11de-8f0f-001e8c60f11c"}
{"entityType":50,"guid":"1a4ec9af-1192-11e4-8372-00259079b159#8174ffbb-17c0-11e4-8372-00259079b159","prod_guid":"1a4ec9af-1192-11e4-8372-00259079b159","barcode":"","title":"Привод DVD+\/-RW LiteON IHAS124-14, 22x SuperMulti, SATA, Черный","base_unit":"шт","base_unit_key":"796","base_unit_title":"Штука","base_unit_int":"PCE","amount":"1266","postType":"product_variation"}
{"entityType":70,"offer_guid":"1a4ec9af-1192-11e4-8372-00259079b159#8174ffbb-17c0-11e4-8372-00259079b159","title":"144 800 BYR за шт","price":"144800","currency":"BYR","unit":"шт","ratio":"1","type_guid":"2e6a724e-0cc1-11de-8f0f-001e8c60f11c"}
{"entityType":50,"guid":"b883f4ef-d3f8-11e2-b716-00259079b159#6740885c-0b58-11e4-99b3-00259079b159","prod_guid":"b883f4ef-d3f8-11e2-b716-00259079b159","barcode":"","title":"Привод DVD+\/-RW Samsung SH-224DB, 24x SuperMulti, SATA, Черный","base_unit":"шт","base_unit_key":"796","base_unit_title":"Штука","base_unit_int":"PCE","amount":"1","postType":"product_variation"}
{"entityType":70,"offer_guid":"b883f4ef-d3f8-11e2-b716-00259079b159#6740885c-0b58-11e4-99b3-00259079b159","title":"147 000 BYR за шт","price":"147000","currency":"BYR","unit":"шт","ratio":"1","type_guid":"2e6a724e-0cc1-11de-8f0f-001e8c60f11c"}
