<?xml version="1.0" ?>
<dataset>
    <imega_groups id="1" guid="6098d32e-6069-11dd-9499-001e8c60f11c" parent="" title="Оптические приводы" slug="opticheskie-privody" />
    <imega_groups id="2" guid="b53195b4-1da8-11e2-bdc7-001e8c60f11c" parent="6098d32e-6069-11dd-9499-001e8c60f11c" title="DVD-RW" slug="dvd-rw" />

    <imega_misc id="1" type="group" guid="348fceb0-219f-11e2-8401-001e8c60f11c#18b18a6d-66c6-11e2-8671-00259079b159" label="b53195b4-1da8-11e2-bdc7-001e8c60f11c" val="" labelslug="" countattr="0" valslug="" _visible="0" />
    <imega_misc id="2" type="prop" guid="348fceb0-219f-11e2-8401-001e8c60f11c#18b18a6d-66c6-11e2-8671-00259079b159" label="3ad1538b-e56c-11e2-8146-00259079b158" val="650 г" labelslug="" countattr="0" valslug="650-g" _visible="0" />
    <imega_misc id="3" type="prop" guid="348fceb0-219f-11e2-8401-001e8c60f11c#18b18a6d-66c6-11e2-8671-00259079b159" label="7ce6dede-9cb2-11e0-8b2d-001e8c60f11c" val="650 г" labelslug="" countattr="0" valslug="650-g" _visible="0" />
    <imega_misc id="4" type="prop" guid="348fceb0-219f-11e2-8401-001e8c60f11c#18b18a6d-66c6-11e2-8671-00259079b159" label="7ce6deea-9cb2-11e0-8b2d-001e8c60f11c" val="150 мс" labelslug="" countattr="0" valslug="150-ms" _visible="0" />
    <imega_misc id="5" type="prop" guid="348fceb0-219f-11e2-8401-001e8c60f11c#18b18a6d-66c6-11e2-8671-00259079b159" label="7ce6deeb-9cb2-11e0-8b2d-001e8c60f11c" val="150 мс" labelslug="" countattr="0" valslug="150-ms" _visible="0" />
    <imega_misc id="6" type="prop" guid="348fceb0-219f-11e2-8401-001e8c60f11c#18b18a6d-66c6-11e2-8671-00259079b159" label="7ce6ded6-9cb2-11e0-8b2d-001e8c60f11c" val="SATA" labelslug="" countattr="0" valslug="sata" _visible="0" />
    <imega_misc id="7" type="prop" guid="348fceb0-219f-11e2-8401-001e8c60f11c#18b18a6d-66c6-11e2-8671-00259079b159" label="7ce6dedf-9cb2-11e0-8b2d-001e8c60f11c" val="48x" labelslug="" countattr="0" valslug="48x" _visible="0" />
    <imega_misc id="8" type="prop" guid="348fceb0-219f-11e2-8401-001e8c60f11c#18b18a6d-66c6-11e2-8671-00259079b159" label="7ce6dee0-9cb2-11e0-8b2d-001e8c60f11c" val="48x" labelslug="" countattr="0" valslug="48x" _visible="0" />
    <imega_misc id="9" type="prop" guid="348fceb0-219f-11e2-8401-001e8c60f11c#18b18a6d-66c6-11e2-8671-00259079b159" label="7ce6dee1-9cb2-11e0-8b2d-001e8c60f11c" val="16x" labelslug="" countattr="0" valslug="16x" _visible="0" />
    <imega_misc id="10" type="prop" guid="348fceb0-219f-11e2-8401-001e8c60f11c#18b18a6d-66c6-11e2-8671-00259079b159" label="7ce6dee2-9cb2-11e0-8b2d-001e8c60f11c" val="8x" labelslug="" countattr="0" valslug="8x" _visible="0" />
    <imega_misc id="11" type="prop" guid="348fceb0-219f-11e2-8401-001e8c60f11c#18b18a6d-66c6-11e2-8671-00259079b159" label="7ce6dee7-9cb2-11e0-8b2d-001e8c60f11c" val="12x" labelslug="" countattr="0" valslug="12x" _visible="0" />
    <imega_misc id="12" type="prop" guid="348fceb0-219f-11e2-8401-001e8c60f11c#18b18a6d-66c6-11e2-8671-00259079b159" label="7ce6dee3-9cb2-11e0-8b2d-001e8c60f11c" val="6x" labelslug="" countattr="0" valslug="6x" _visible="0" />
    <imega_misc id="13" type="prop" guid="348fceb0-219f-11e2-8401-001e8c60f11c#18b18a6d-66c6-11e2-8671-00259079b159" label="7ce6dee4-9cb2-11e0-8b2d-001e8c60f11c" val="16x" labelslug="" countattr="0" valslug="16x" _visible="0" />
    <imega_misc id="14" type="prop" guid="348fceb0-219f-11e2-8401-001e8c60f11c#18b18a6d-66c6-11e2-8671-00259079b159" label="7ce6dee5-9cb2-11e0-8b2d-001e8c60f11c" val="8x" labelslug="" countattr="0" valslug="8x" _visible="0" />
    <imega_misc id="15" type="prop" guid="348fceb0-219f-11e2-8401-001e8c60f11c#18b18a6d-66c6-11e2-8671-00259079b159" label="7ce6dee6-9cb2-11e0-8b2d-001e8c60f11c" val="8x" labelslug="" countattr="0" valslug="8x" _visible="0" />
    <imega_misc id="16" type="prop" guid="348fceb0-219f-11e2-8401-001e8c60f11c#18b18a6d-66c6-11e2-8671-00259079b159" label="7ce6dee8-9cb2-11e0-8b2d-001e8c60f11c" val="48x" labelslug="" countattr="0" valslug="48x" _visible="0" />
    <imega_misc id="17" type="prop" guid="348fceb0-219f-11e2-8401-001e8c60f11c#18b18a6d-66c6-11e2-8671-00259079b159" label="7ce6dee9-9cb2-11e0-8b2d-001e8c60f11c" val="16x" labelslug="" countattr="0" valslug="16x" _visible="0" />
    <imega_misc id="18" type="prop" guid="348fceb0-219f-11e2-8401-001e8c60f11c#18b18a6d-66c6-11e2-8671-00259079b159" label="7ce6dedb-9cb2-11e0-8b2d-001e8c60f11c" val="автоматический лоток" labelslug="" countattr="0" valslug="avtomaticheskiy-lotok" _visible="0" />
    <imega_misc id="19" type="prop" guid="348fceb0-219f-11e2-8401-001e8c60f11c#18b18a6d-66c6-11e2-8671-00259079b159" label="7ce6deda-9cb2-11e0-8b2d-001e8c60f11c" val="8 Мб" labelslug="" countattr="0" valslug="8-mb" _visible="0" />
    <imega_misc id="20" type="prop" guid="348fceb0-219f-11e2-8401-001e8c60f11c#18b18a6d-66c6-11e2-8671-00259079b159" label="7ce6dedc-9cb2-11e0-8b2d-001e8c60f11c" val="есть" labelslug="" countattr="0" valslug="est" _visible="0" />
    <imega_misc id="21" type="prop" guid="348fceb0-219f-11e2-8401-001e8c60f11c#18b18a6d-66c6-11e2-8671-00259079b159" label="7ce6ded8-9cb2-11e0-8b2d-001e8c60f11c" val="для настольного компьютера" labelslug="" countattr="0" valslug="dlya-nastolnogo-komputera" _visible="0" />
    <imega_misc id="22" type="prop" guid="348fceb0-219f-11e2-8401-001e8c60f11c#18b18a6d-66c6-11e2-8671-00259079b159" label="0df5fcc6-e86c-11e2-8146-00259079b158" val="146x41x170 мм" labelslug="" countattr="0" valslug="146x41x170-mm" _visible="0" />
    <imega_misc id="23" type="prop" guid="348fceb0-219f-11e2-8401-001e8c60f11c#18b18a6d-66c6-11e2-8671-00259079b159" label="7ce6dedd-9cb2-11e0-8b2d-001e8c60f11c" val="146x41x170 мм" labelslug="" countattr="0" valslug="146x41x170-mm" _visible="0" />
    <imega_misc id="24" type="prop" guid="348fceb0-219f-11e2-8401-001e8c60f11c#18b18a6d-66c6-11e2-8671-00259079b159" label="7ce6deec-9cb2-11e0-8b2d-001e8c60f11c" val="60000 ч" labelslug="" countattr="0" valslug="60000-ch" _visible="0" />
    <imega_misc id="25" type="prop" guid="348fceb0-219f-11e2-8401-001e8c60f11c#18b18a6d-66c6-11e2-8671-00259079b159" label="7ce6ded5-9cb2-11e0-8b2d-001e8c60f11c" val="BD-RE" labelslug="" countattr="0" valslug="bd-re" _visible="0" />
    <imega_misc id="26" type="prop" guid="348fceb0-219f-11e2-8401-001e8c60f11c#18b18a6d-66c6-11e2-8671-00259079b159" label="7ce6ded7-9cb2-11e0-8b2d-001e8c60f11c" val="внутренний" labelslug="" countattr="0" valslug="vnutrenniy" _visible="0" />
    <imega_misc id="27" type="prop" guid="348fceb0-219f-11e2-8401-001e8c60f11c#18b18a6d-66c6-11e2-8671-00259079b159" label="7ce6ded9-9cb2-11e0-8b2d-001e8c60f11c" val="черный" labelslug="" countattr="0" valslug="chernyy" _visible="0" />
    <imega_misc id="28" type="attr" guid="348fceb0-219f-11e2-8401-001e8c60f11c#18b18a6d-66c6-11e2-8671-00259079b159" label="ВидНоменклатуры" val="Товар" labelslug="vidnomenklatury" countattr="4" valslug="tovar" _visible="0" />
    <imega_misc id="29" type="attr" guid="348fceb0-219f-11e2-8401-001e8c60f11c#18b18a6d-66c6-11e2-8671-00259079b159" label="ТипНоменклатуры" val="Товар" labelslug="tipnomenklatury" countattr="4" valslug="tovar" _visible="0" />
    <imega_misc id="30" type="attr" guid="348fceb0-219f-11e2-8401-001e8c60f11c#18b18a6d-66c6-11e2-8671-00259079b159" label="Полное наименование" val="Привод Blue-Ray DVD-RW Liteon iHBS112-115" labelslug="polnoe-naimenovanie" countattr="4" valslug="privod-blue-ray-dvd-rw-liteon-ihbs112-115" _visible="0" />
    <imega_misc id="31" type="group" guid="1a4ec9af-1192-11e4-8372-00259079b159#1a4ec9b2-1192-11e4-8372-00259079b159" label="b53195b4-1da8-11e2-bdc7-001e8c60f11c" val="" labelslug="" countattr="0" valslug="" _visible="0" />
    <imega_misc id="32" type="attr" guid="1a4ec9af-1192-11e4-8372-00259079b159#1a4ec9b2-1192-11e4-8372-00259079b159" label="ВидНоменклатуры" val="Товар" labelslug="vidnomenklatury" countattr="4" valslug="tovar" _visible="0" />
    <imega_misc id="33" type="attr" guid="1a4ec9af-1192-11e4-8372-00259079b159#1a4ec9b2-1192-11e4-8372-00259079b159" label="ТипНоменклатуры" val="Товар" labelslug="tipnomenklatury" countattr="4" valslug="tovar" _visible="0" />
    <imega_misc id="34" type="attr" guid="1a4ec9af-1192-11e4-8372-00259079b159#1a4ec9b2-1192-11e4-8372-00259079b159" label="Полное наименование" val="Привод DVD+/-RW LiteON IHAS124-14, 22x SuperMulti, SATA, Черный" labelslug="polnoe-naimenovanie" countattr="4" valslug="privod-dvd-rw-liteon-ihas124-14-22x-supermulti-sata-chernyy" _visible="0" />
    <imega_misc id="35" type="group" guid="1a4ec9af-1192-11e4-8372-00259079b159#8174ffbb-17c0-11e4-8372-00259079b159" label="b53195b4-1da8-11e2-bdc7-001e8c60f11c" val="" labelslug="" countattr="0" valslug="" _visible="0" />
    <imega_misc id="36" type="attr" guid="1a4ec9af-1192-11e4-8372-00259079b159#8174ffbb-17c0-11e4-8372-00259079b159" label="ВидНоменклатуры" val="Товар" labelslug="vidnomenklatury" countattr="4" valslug="tovar" _visible="0" />
    <imega_misc id="37" type="attr" guid="1a4ec9af-1192-11e4-8372-00259079b159#8174ffbb-17c0-11e4-8372-00259079b159" label="ТипНоменклатуры" val="Товар" labelslug="tipnomenklatury" countattr="4" valslug="tovar" _visible="0" />
    <imega_misc id="38" type="attr" guid="1a4ec9af-1192-11e4-8372-00259079b159#8174ffbb-17c0-11e4-8372-00259079b159" label="Полное наименование" val="Привод DVD+/-RW LiteON IHAS124-14, 22x SuperMulti, SATA, Черный" labelslug="polnoe-naimenovanie" countattr="4" valslug="privod-dvd-rw-liteon-ihas124-14-22x-supermulti-sata-chernyy" _visible="0" />
    <imega_misc id="39" type="group" guid="b883f4ef-d3f8-11e2-b716-00259079b159#6740885c-0b58-11e4-99b3-00259079b159" label="b53195b4-1da8-11e2-bdc7-001e8c60f11c" val="" labelslug="" countattr="0" valslug="" _visible="0" />
    <imega_misc id="40" type="prop" guid="b883f4ef-d3f8-11e2-b716-00259079b159#6740885c-0b58-11e4-99b3-00259079b159" label="3ad1538b-e56c-11e2-8146-00259079b158" val="630 г" labelslug="" countattr="0" valslug="630-g" _visible="0" />
    <imega_misc id="41" type="prop" guid="b883f4ef-d3f8-11e2-b716-00259079b159#6740885c-0b58-11e4-99b3-00259079b159" label="7ce6dede-9cb2-11e0-8b2d-001e8c60f11c" val="630 г" labelslug="" countattr="0" valslug="630-g" _visible="0" />
    <imega_misc id="42" type="prop" guid="b883f4ef-d3f8-11e2-b716-00259079b159#6740885c-0b58-11e4-99b3-00259079b159" label="7ce6deea-9cb2-11e0-8b2d-001e8c60f11c" val="130 мс" labelslug="" countattr="0" valslug="130-ms" _visible="0" />
    <imega_misc id="43" type="prop" guid="b883f4ef-d3f8-11e2-b716-00259079b159#6740885c-0b58-11e4-99b3-00259079b159" label="7ce6deeb-9cb2-11e0-8b2d-001e8c60f11c" val="150 мс" labelslug="" countattr="0" valslug="150-ms" _visible="0" />
    <imega_misc id="44" type="prop" guid="b883f4ef-d3f8-11e2-b716-00259079b159#6740885c-0b58-11e4-99b3-00259079b159" label="7ce6ded6-9cb2-11e0-8b2d-001e8c60f11c" val="SATA" labelslug="" countattr="0" valslug="sata" _visible="0" />
    <imega_misc id="45" type="prop" guid="b883f4ef-d3f8-11e2-b716-00259079b159#6740885c-0b58-11e4-99b3-00259079b159" label="7ce6dedf-9cb2-11e0-8b2d-001e8c60f11c" val="48x" labelslug="" countattr="0" valslug="48x" _visible="0" />
    <imega_misc id="46" type="prop" guid="b883f4ef-d3f8-11e2-b716-00259079b159#6740885c-0b58-11e4-99b3-00259079b159" label="7ce6dee0-9cb2-11e0-8b2d-001e8c60f11c" val="24x" labelslug="" countattr="0" valslug="24x" _visible="0" />
    <imega_misc id="47" type="prop" guid="b883f4ef-d3f8-11e2-b716-00259079b159#6740885c-0b58-11e4-99b3-00259079b159" label="7ce6dee1-9cb2-11e0-8b2d-001e8c60f11c" val="24x" labelslug="" countattr="0" valslug="24x" _visible="0" />
    <imega_misc id="48" type="prop" guid="b883f4ef-d3f8-11e2-b716-00259079b159#6740885c-0b58-11e4-99b3-00259079b159" label="7ce6dee2-9cb2-11e0-8b2d-001e8c60f11c" val="8x" labelslug="" countattr="0" valslug="8x" _visible="0" />
    <imega_misc id="49" type="prop" guid="b883f4ef-d3f8-11e2-b716-00259079b159#6740885c-0b58-11e4-99b3-00259079b159" label="7ce6dee7-9cb2-11e0-8b2d-001e8c60f11c" val="12x" labelslug="" countattr="0" valslug="12x" _visible="0" />
    <imega_misc id="50" type="prop" guid="b883f4ef-d3f8-11e2-b716-00259079b159#6740885c-0b58-11e4-99b3-00259079b159" label="7ce6dee3-9cb2-11e0-8b2d-001e8c60f11c" val="6x" labelslug="" countattr="0" valslug="6x" _visible="0" />
    <imega_misc id="51" type="prop" guid="b883f4ef-d3f8-11e2-b716-00259079b159#6740885c-0b58-11e4-99b3-00259079b159" label="7ce6dee4-9cb2-11e0-8b2d-001e8c60f11c" val="24x" labelslug="" countattr="0" valslug="24x" _visible="0" />
    <imega_misc id="52" type="prop" guid="b883f4ef-d3f8-11e2-b716-00259079b159#6740885c-0b58-11e4-99b3-00259079b159" label="7ce6dee5-9cb2-11e0-8b2d-001e8c60f11c" val="8x" labelslug="" countattr="0" valslug="8x" _visible="0" />
    <imega_misc id="53" type="prop" guid="b883f4ef-d3f8-11e2-b716-00259079b159#6740885c-0b58-11e4-99b3-00259079b159" label="7ce6dee6-9cb2-11e0-8b2d-001e8c60f11c" val="8x" labelslug="" countattr="0" valslug="8x" _visible="0" />
    <imega_misc id="54" type="prop" guid="b883f4ef-d3f8-11e2-b716-00259079b159#6740885c-0b58-11e4-99b3-00259079b159" label="7ce6dee8-9cb2-11e0-8b2d-001e8c60f11c" val="48x" labelslug="" countattr="0" valslug="48x" _visible="0" />
    <imega_misc id="55" type="prop" guid="b883f4ef-d3f8-11e2-b716-00259079b159#6740885c-0b58-11e4-99b3-00259079b159" label="7ce6dee9-9cb2-11e0-8b2d-001e8c60f11c" val="16x" labelslug="" countattr="0" valslug="16x" _visible="0" />
    <imega_misc id="56" type="prop" guid="b883f4ef-d3f8-11e2-b716-00259079b159#6740885c-0b58-11e4-99b3-00259079b159" label="7ce6dedb-9cb2-11e0-8b2d-001e8c60f11c" val="автоматический лоток" labelslug="" countattr="0" valslug="avtomaticheskiy-lotok" _visible="0" />
    <imega_misc id="57" type="prop" guid="b883f4ef-d3f8-11e2-b716-00259079b159#6740885c-0b58-11e4-99b3-00259079b159" label="7ce6deda-9cb2-11e0-8b2d-001e8c60f11c" val="1.5 Мб" labelslug="" countattr="0" valslug="15-mb" _visible="0" />
    <imega_misc id="58" type="prop" guid="b883f4ef-d3f8-11e2-b716-00259079b159#6740885c-0b58-11e4-99b3-00259079b159" label="7ce6dedc-9cb2-11e0-8b2d-001e8c60f11c" val="есть" labelslug="" countattr="0" valslug="est" _visible="0" />
    <imega_misc id="59" type="prop" guid="b883f4ef-d3f8-11e2-b716-00259079b159#6740885c-0b58-11e4-99b3-00259079b159" label="7ce6ded8-9cb2-11e0-8b2d-001e8c60f11c" val="для настольного компьютера" labelslug="" countattr="0" valslug="dlya-nastolnogo-komputera" _visible="0" />
    <imega_misc id="60" type="prop" guid="b883f4ef-d3f8-11e2-b716-00259079b159#6740885c-0b58-11e4-99b3-00259079b159" label="7ce6dedd-9cb2-11e0-8b2d-001e8c60f11c" val="148x42x170 мм" labelslug="" countattr="0" valslug="148x42x170-mm" _visible="0" />
    <imega_misc id="61" type="prop" guid="b883f4ef-d3f8-11e2-b716-00259079b159#6740885c-0b58-11e4-99b3-00259079b159" label="7ce6ded5-9cb2-11e0-8b2d-001e8c60f11c" val="DVD RW DL" labelslug="" countattr="0" valslug="dvd-rw-dl" _visible="0" />
    <imega_misc id="62" type="prop" guid="b883f4ef-d3f8-11e2-b716-00259079b159#6740885c-0b58-11e4-99b3-00259079b159" label="7ce6ded7-9cb2-11e0-8b2d-001e8c60f11c" val="внутренний" labelslug="" countattr="0" valslug="vnutrenniy" _visible="0" />
    <imega_misc id="63" type="prop" guid="b883f4ef-d3f8-11e2-b716-00259079b159#6740885c-0b58-11e4-99b3-00259079b159" label="7ce6ded9-9cb2-11e0-8b2d-001e8c60f11c" val="черный" labelslug="" countattr="0" valslug="chernyy" _visible="0" />
    <imega_misc id="64" type="attr" guid="b883f4ef-d3f8-11e2-b716-00259079b159#6740885c-0b58-11e4-99b3-00259079b159" label="ВидНоменклатуры" val="Товар" labelslug="vidnomenklatury" countattr="4" valslug="tovar" _visible="0" />
    <imega_misc id="65" type="attr" guid="b883f4ef-d3f8-11e2-b716-00259079b159#6740885c-0b58-11e4-99b3-00259079b159" label="ТипНоменклатуры" val="Товар" labelslug="tipnomenklatury" countattr="4" valslug="tovar" _visible="0" />
    <imega_misc id="66" type="attr" guid="b883f4ef-d3f8-11e2-b716-00259079b159#6740885c-0b58-11e4-99b3-00259079b159" label="Полное наименование" val="Привод DVD+/-RW Samsung SH-224DB, 24x SuperMulti, SATA, Черный" labelslug="polnoe-naimenovanie" countattr="4" valslug="privod-dvd-rw-samsung-sh-224db-24x-supermulti-sata-chernyy" _visible="0" />

    <imega_prod  id="1" title="Привод Blue-Ray DVD-RW Liteon iHBS112-115" descr="" excerpt="" guid="348fceb0-219f-11e2-8401-001e8c60f11c#18b18a6d-66c6-11e2-8671-00259079b159" slug="privod-blue-ray-dvd-rw-liteon-ihbs112-115" catalog_guid="d35a8ba6-d6ff-11dc-bb41-001a4b58ee99" action="" article="" img="" img_prop="" />
    <imega_prod  id="2" title="Привод DVD+/-RW LiteON IHAS124-14, 22x SuperMulti, SATA, Черный" descr="" excerpt="" guid="1a4ec9af-1192-11e4-8372-00259079b159#1a4ec9b2-1192-11e4-8372-00259079b159" slug="privod-dvd-rw-liteon-ihas124-14-22x-supermulti-sata-chernyy" catalog_guid="d35a8ba6-d6ff-11dc-bb41-001a4b58ee99" action="" article="" img="" img_prop="" />
    <imega_prod  id="3" title="Привод DVD+/-RW LiteON IHAS124-14, 22x SuperMulti, SATA, Черный" descr="" excerpt="" guid="1a4ec9af-1192-11e4-8372-00259079b159#8174ffbb-17c0-11e4-8372-00259079b159" slug="privod-dvd-rw-liteon-ihas124-14-22x-supermulti-sata-chernyy" catalog_guid="d35a8ba6-d6ff-11dc-bb41-001a4b58ee99" action="" article="" img="" img_prop="" />
    <imega_prod  id="4" title="Привод DVD+/-RW Samsung SH-224DB, 24x SuperMulti, SATA, Черный" descr="" excerpt="" guid="b883f4ef-d3f8-11e2-b716-00259079b159#6740885c-0b58-11e4-99b3-00259079b159" slug="privod-dvd-rw-samsung-sh-224db-24x-supermulti-sata-chernyy" catalog_guid="d35a8ba6-d6ff-11dc-bb41-001a4b58ee99" action="" article="" img="" img_prop="" />

    <imega_prop  id="1" guid="3ad1538b-e56c-11e2-8146-00259079b158" title="Вес" slug="ves" val_type="text" parent_guid="" />
    <imega_prop  id="2" guid="7ce6dede-9cb2-11e0-8b2d-001e8c60f11c" title="Вес" slug="ves" val_type="text" parent_guid="" />
    <imega_prop  id="3" guid="7ce6deea-9cb2-11e0-8b2d-001e8c60f11c" title="Время доступа в режиме чтения CD" slug="vremya-dostupa-v-rezhime-chteniya-cd" val_type="text" parent_guid="" />
    <imega_prop  id="4" guid="7ce6deeb-9cb2-11e0-8b2d-001e8c60f11c" title="Время доступа в режиме чтения DVD" slug="vremya-dostupa-v-rezhime-chteniya-dvd" val_type="text" parent_guid="" />
    <imega_prop  id="5" guid="7ce6ded6-9cb2-11e0-8b2d-001e8c60f11c" title="Интерфейс подключения" slug="interfeys-podklucheniya" val_type="text" parent_guid="" />
    <imega_prop  id="6" guid="7ce6dedf-9cb2-11e0-8b2d-001e8c60f11c" title="Максимальная скорость записи CD-R" slug="maksimalnaya-skorost-zapisi-cd-r" val_type="text" parent_guid="" />
    <imega_prop  id="7" guid="7ce6dee0-9cb2-11e0-8b2d-001e8c60f11c" title="Максимальная скорость записи CD-RW" slug="maksimalnaya-skorost-zapisi-cd-rw" val_type="text" parent_guid="" />
    <imega_prop  id="8" guid="7ce6dee1-9cb2-11e0-8b2d-001e8c60f11c" title="Максимальная скорость записи DVD-R" slug="maksimalnaya-skorost-zapisi-dvd-r" val_type="text" parent_guid="" />
    <imega_prop  id="9" guid="7ce6dee2-9cb2-11e0-8b2d-001e8c60f11c" title="Максимальная скорость записи DVD-R DL" slug="maksimalnaya-skorost-zapisi-dvd-r-dl" val_type="text" parent_guid="" />
    <imega_prop  id="10" guid="7ce6dee7-9cb2-11e0-8b2d-001e8c60f11c" title="Максимальная скорость записи DVD-RAM" slug="maksimalnaya-skorost-zapisi-dvd-ram" val_type="text" parent_guid="" />
    <imega_prop  id="11" guid="7ce6dee3-9cb2-11e0-8b2d-001e8c60f11c" title="Максимальная скорость записи DVD-RW" slug="maksimalnaya-skorost-zapisi-dvd-rw" val_type="text" parent_guid="" />
    <imega_prop  id="12" guid="7ce6dee4-9cb2-11e0-8b2d-001e8c60f11c" title="Максимальная скорость записи DVD+R" slug="maksimalnaya-skorost-zapisi-dvd-r" val_type="text" parent_guid="" />
    <imega_prop  id="13" guid="7ce6dee5-9cb2-11e0-8b2d-001e8c60f11c" title="Максимальная скорость записи DVD+R DL" slug="maksimalnaya-skorost-zapisi-dvd-r-dl" val_type="text" parent_guid="" />
    <imega_prop  id="14" guid="7ce6dee6-9cb2-11e0-8b2d-001e8c60f11c" title="Максимальная скорость записи DVD+RW" slug="maksimalnaya-skorost-zapisi-dvd-rw" val_type="text" parent_guid="" />
    <imega_prop  id="15" guid="7ce6dee8-9cb2-11e0-8b2d-001e8c60f11c" title="Максимальная скорость чтения CD" slug="maksimalnaya-skorost-chteniya-cd" val_type="text" parent_guid="" />
    <imega_prop  id="16" guid="7ce6dee9-9cb2-11e0-8b2d-001e8c60f11c" title="Максимальная скорость чтения DVD" slug="maksimalnaya-skorost-chteniya-dvd" val_type="text" parent_guid="" />
    <imega_prop  id="17" guid="7ce6dedb-9cb2-11e0-8b2d-001e8c60f11c" title="Механизм загрузки дисков" slug="mehanizm-zagruzki-diskov" val_type="text" parent_guid="" />
    <imega_prop  id="18" guid="7ce6deda-9cb2-11e0-8b2d-001e8c60f11c" title="Объем буфера" slug="obem-bufera" val_type="text" parent_guid="" />
    <imega_prop  id="19" guid="7ce6dedc-9cb2-11e0-8b2d-001e8c60f11c" title="Поддержка DVD-RAM" slug="podderzhka-dvd-ram" val_type="text" parent_guid="" />
    <imega_prop  id="20" guid="7ce6ded8-9cb2-11e0-8b2d-001e8c60f11c" title="Предназначение" slug="prednaznachenie" val_type="text" parent_guid="" />
    <imega_prop  id="21" guid="0df5fcc6-e86c-11e2-8146-00259079b158" title="Размер сумки(ШхВхТ)" slug="razmer-sumkishhvht" val_type="text" parent_guid="" />
    <imega_prop  id="22" guid="7ce6dedd-9cb2-11e0-8b2d-001e8c60f11c" title="Размеры (ШхВхГ)" slug="razmery-shhvhg" val_type="text" parent_guid="" />
    <imega_prop  id="23" guid="7ce6deec-9cb2-11e0-8b2d-001e8c60f11c" title="Среднее время наработки на отказ (MTBF)" slug="srednee-vremya-narabotki-na-otkaz-mtbf" val_type="text" parent_guid="" />
    <imega_prop  id="24" guid="7ce6ded5-9cb2-11e0-8b2d-001e8c60f11c" title="Тип привода" slug="tip-privoda" val_type="text" parent_guid="" />
    <imega_prop  id="25" guid="7ce6ded7-9cb2-11e0-8b2d-001e8c60f11c" title="Тип размещения" slug="tip-razmeshcheniya" val_type="text" parent_guid="" />
    <imega_prop  id="26" guid="7ce6ded9-9cb2-11e0-8b2d-001e8c60f11c" title="Цвет передней панели" slug="cvet-peredney-paneli" val_type="text" parent_guid="" />
</dataset>
